src/renderer/app.js:50:  function normalizeRole(role) {
src/renderer/app.js:54:  function getRoleLabel(role) {
src/renderer/app.js:55:    const normalizedRole = normalizeRole(role);
src/renderer/app.js:490:        getRoleLabel(member.role),
src/renderer/app.js:1180:  function normalizeRole(role) {
src/renderer/app.js:2035:        role: normalizeRole(row.role),
src/renderer/app.js:3673:    role: normalizeRole(member?.role)
src/renderer/app.js:6748:    const matchesRole = memberSettingsFilters.role === "all"
src/renderer/app.js:6750:      : normalizeRole(member.role) === memberSettingsFilters.role;
src/renderer/app.js:6794:                <div>${getRoleLabel(member.role)}</div>
src/renderer/app.js:6866:            <option value="all" ${memberSettingsFilters.role === "all" ? "selected" : ""}>全部</option>
src/renderer/app.js:6867:            <option value="admin" ${memberSettingsFilters.role === "admin" ? "selected" : ""}>管理員</option>
src/renderer/app.js:6868:            <option value="manager" ${memberSettingsFilters.role === "manager" ? "selected" : ""}>主管</option>
src/renderer/app.js:6869:            <option value="employee" ${memberSettingsFilters.role === "employee" ? "selected" : ""}>員工</option>
src/renderer/app.js:6967:        role: isAdmin() ? normalizeRole(row.role) : normalizeRole(existing?.role)
src/renderer/app.js:7165:    const roleId = memberRoles.get(member.id) || getRoleByLegacyRole(member.role)?.id || "";
src/renderer/app.js:7167:    return { ...member, name: appendDeletedLabel(member.name, deleted), groupId: memberGroups.get(member.id) || "", roleId, role: roleId || member.role, deleted };
src/renderer/app.js:7801:function normalizeRole(role) {
src/renderer/app.js:7846:function getRoleLabel(role) {
src/renderer/browser-exporter.js:43:  function normalizeRole(role) {
src/renderer/browser-exporter.js:47:  function getRoleLabel(role) {
src/renderer/browser-exporter.js:48:    const normalizedRole = normalizeRole(role);
src/renderer/browser-exporter.js:483:        getRoleLabel(member.role),
src/renderer/renderer-state-normalization.js:78:    role: normalizeRole(member?.role)
src/renderer/web-api.js:22:  function normalizeRole(role) {
src/renderer/web-api.js:877:        role: normalizeRole(row.role),
src/renderer/renderer-auth-context.js:24:function normalizeRole(role) {
src/renderer/renderer-auth-context.js:69:function getRoleLabel(role) {
src/renderer/renderer-settings-member.js:76:    const matchesRole = memberSettingsFilters.role === "all"
src/renderer/renderer-settings-member.js:78:      : normalizeRole(member.role) === memberSettingsFilters.role;
src/renderer/renderer-settings-member.js:122:                <div>${getRoleLabel(member.role)}</div>
src/renderer/renderer-settings-member.js:194:            <option value="all" ${memberSettingsFilters.role === "all" ? "selected" : ""}>全部</option>
src/renderer/renderer-settings-member.js:195:            <option value="admin" ${memberSettingsFilters.role === "admin" ? "selected" : ""}>管理員</option>
src/renderer/renderer-settings-member.js:196:            <option value="manager" ${memberSettingsFilters.role === "manager" ? "selected" : ""}>主管</option>
src/renderer/renderer-settings-member.js:197:            <option value="employee" ${memberSettingsFilters.role === "employee" ? "selected" : ""}>員工</option>
src/renderer/renderer-settings-member.js:297:        role: isAdmin() ? normalizeRole(row.role) : normalizeRole(existing?.role)
src/renderer/renderer-groups-permissions-archive.js:93:    const roleId = memberRoles.get(member.id) || getRoleByLegacyRole(member.role)?.id || "";
src/renderer/renderer-groups-permissions-archive.js:95:    return { ...member, name: appendDeletedLabel(member.name, deleted), groupId: memberGroups.get(member.id) || "", roleId, role: roleId || member.role, deleted };
